
> scrimbaguide@1.0.0 build
> docusaurus build

[INFO] [en] Creating an optimized production build...
[webpackbar] ℹ Compiling Client
[webpackbar] ℹ Compiling Server
[webpackbar] ✔ Server: Compiled successfully in 1.42s
[webpackbar] ✔ Client: Compiled successfully in 1.54s

[ERROR] Error: Unable to build website for locale en.
    at tryToBuildLocale (/home/toor/scrimbaguide.tech/node_modules/@docusaurus/core/lib/commands/build/build.js:83:15)
    at async /home/toor/scrimbaguide.tech/node_modules/@docusaurus/core/lib/commands/build/build.js:35:9
    at async mapAsyncSequential (/home/toor/scrimbaguide.tech/node_modules/@docusaurus/utils/lib/jsUtils.js:21:24)
    at async Command.build (/home/toor/scrimbaguide.tech/node_modules/@docusaurus/core/lib/commands/build/build.js:34:5)
    at async Promise.all (index 0)
    at async runCLI (/home/toor/scrimbaguide.tech/node_modules/@docusaurus/core/lib/commands/cli.js:56:5)
    at async file:///home/toor/scrimbaguide.tech/node_modules/@docusaurus/core/bin/docusaurus.mjs:44:3 {
  [cause]: Error: Docusaurus found broken links!
  
  Please check the pages of your site in the list below, and make sure you don't reference any path that does not exist.
  Note: it's possible to ignore broken links with the 'onBrokenLinks' Docusaurus configuration, and let the build pass.
  
  Exhaustive list of all broken links found:
  - Broken link on source page path = /blog/scrimba-react-learning-path:
     -> linking to /docs/courses/react/react
  
      at throwError (/home/toor/scrimbaguide.tech/node_modules/@docusaurus/logger/lib/logger.js:80:11)
      at reportBrokenLinks (/home/toor/scrimbaguide.tech/node_modules/@docusaurus/core/lib/server/brokenLinks.js:250:47)
      at handleBrokenLinks (/home/toor/scrimbaguide.tech/node_modules/@docusaurus/core/lib/server/brokenLinks.js:282:5)
      at executeBrokenLinksCheck (/home/toor/scrimbaguide.tech/node_modules/@docusaurus/core/lib/commands/build/buildLocale.js:119:47)
      at /home/toor/scrimbaguide.tech/node_modules/@docusaurus/core/lib/commands/build/buildLocale.js:94:67
      at Object.async (/home/toor/scrimbaguide.tech/node_modules/@docusaurus/logger/lib/perfLogger.js:42:47)
      at buildLocale (/home/toor/scrimbaguide.tech/node_modules/@docusaurus/core/lib/commands/build/buildLocale.js:94:31)
      at async runBuildLocaleTask (/home/toor/scrimbaguide.tech/node_modules/@docusaurus/core/lib/commands/build/build.js:98:5)
      at async /home/toor/scrimbaguide.tech/node_modules/@docusaurus/core/lib/commands/build/build.js:79:13
      at async tryToBuildLocale (/home/toor/scrimbaguide.tech/node_modules/@docusaurus/core/lib/commands/build/build.js:75:9)
}
[INFO] Docusaurus version: 3.9.2
Node version: v22.21.1
